a == 1
b == 2
now a == 2
hello
hello
hello
hello
hello
===args===
foo
foo(1)
foo(2)
foo
